/
://
??????????????????????
_
0
38
a
account_id
 action
action
ACTIVEX
AddressLine2
adid
advertId
afsrc
}ª@ìb¦.ls$´km2/
AllowGuest
am
amp
a.offsetWidth:a.offsetHeight,e
a.offsetWidth:a.offsetHeight,f
application
article_id
assetID
atot
at_xt
baristapop
bd_ref
behavior
bmk
b.offsetWidth:b.offsetHeight,d
borschtid
bq
_branch_match_id
btn_search.x
btn_search.y
c
cat
catalog_name
category
category_name
CategoryWorkflowId
catid
cell
CFID
CFTOKEN
cgid
channel
ci
CID
City
cl
client_id
clientId
cm_mmc
cmpid
cokkie_test
compat
context
coo
cookie
cookie%5test
cookie_tes
cookie_test
cookietest
country
countryID
CountryID
cp
crlt.pid
CT
cta_id
current
d
dataSource
diff
domain
drink
eb
://edit.local/
Email
err
error
errorcode
es_p
*****e_test
eventID
Exchange
fav_test
fbclid
fb_ref
fb_source
FC
fdid
features
flash
foodZone
format
fp_dyn
fp_static
from
fs
_ga
GAD1_D
GAD1_O
GAD2
GAD2_D
GAD2_O
GAD3
GAD3_D
GAD3_O
GAD4
GAD4_D
GAD4_O
gccat
gclid
height
h.ghost:
highlight
/home.asp?wfx2
hootPostID
_hsenc
_hsmi
IC
IC_D
IC_O
id
ID
id</A
idp
id/u003d882
****ie_test
iframe
impolicy
intc
isappinstalled
ItemId
jimcarson.com
jsessionid
keepThis
keyword
language
LanguageId
lat
Length
limit
lng
lnk
loaderVer
loc
LOC
long
lup
map
matchtype
messageId
mi_u
mkwid
mop
msclkid
MSCSProfile
name
nav
navid
nawww.stars.com
(none
noredirect
nsbpromo
o
ochcuris
ochevskd
ochhome
ochlink
ochmedia
open24x7
://.*?.?optimizelyedit.appspot.com/
p
page_id
parent
PFID
place
platform
playlistid
playlistId
pn
preview_layer_ids
://preview.optimizely.com/
product_id
productid
profile
project_id
pubId
qa
qab8fq
quote
r
radius
Radius
recipe_category
recipe_season
redirect_uri
redirectUri
ref
referencement
referer
rel
RelayState
reply
reqp
reqr
response_type
retailpop
return
returnurl
returnUrl
returnURL
ReturnUrl
rumor
s
SAMLRequest
scolor
scr
sdclink
seahawks
/search
seed
selection
selProducts
sendTo
seriesid
seriesonly
sf240932330
sf4751466
sf4769246
sf6637945
sf9011889
showdefault
ShowEvents
sid
siteID
skin
slug
sms_ss
source
sourceid
sourceId
spid
__SQUARESPACE_CACHEVERSION
src
srv
SSO_ORIG_URI
ssssssssssssssssssssssssssssssssssssss
start
state
step
/store/basket.asp?sid
StoreKey
/store/machine_matcher.asp?
/store/prod_coll.asp?sid
/store/product_detail.asp?PFID
/store/product_detail.asp?sid
story
strAction
stream
subject
sugexp
Symbol
t
tags
"TARGET
taxonomy
TB_iframe
******_test
TEXT
TheShoppesatParkPlace.com
Timeout
timeperiod
token
tp
t_params
tp_split
type
Type
u
u1
url
utm
utm_campaign
utm_content
utm_group
utm_keyword
utm_medium
utm_source
utm_source/u003dgoogleplus/u0026utm_medium/u003dweb/u0026utm_campaign/u003dcorp
utm_source/u003dgoogleplus/u0026utm_medium/u003dweb/u0026utm_campaign/u003dSummer1FY12/u0026sf4751466/u003d1
utm_term
v
venueTypeFilter
ver
verismo
version
view_control
wa
wct
wctx
/?wfx2
?wfx2
wfx2
width
wreply
wtrealm
x
xcust
X-DQ7Hy5L1--z
xmlFilePath
xtl_advocate_first_name
xtl_advocate_last_name
xtl_amount
xtl_amount_type
xtl_campaign_id
xtl_click_id
xtl_client_id
xtl_coupon_code
xtl_share_id
xtl_share_zone_name
xtl_site_id
xtl_zone_name
y
