""
...
/
_
000
00y4kJBff
0.110959260258824
0.117421264294535
03wO9LXy6
04E27E78807490B65FE608F8C2025451
05_CE_SD_NLA141027
05KSvMMeG
0.617315069772303
0CE44E74EA7631A006EB5773CFB7AFB2
0CP0qYMfL
0e9mx0oyj
0euDz3eK9
0FOK2cU3R
0iJVD3xEb
0jeFRlDn8
0LnphTyO1
0n4JTLwVo
0nHWXsmA7
0SCOWsqmY
0u1oxUMrS
0uVB7qxfk
0vIyJOCh2
0vn8DwQ8s
0WDGsWIYb
0XsJ6cdK2
0Ye5ZVuDW
0ZCe056cR
1
 10 Series II Home Theater Speaker System
11AOa79Ge
11QAcwhsC
12Qzzhrfc
 12 Series II Home Theater System
135304
136387
140261
143D370CCA0EF4BA876D6687CB39FC5A
158186
 15 Home Theater Speaker System
175368
185434
187BAB4E2146D2614A82AF21318747E2
1aSyOJDS1
1atIbkrej
1B784FF7F18AC9BF136EBDA13F48077B
1BwiLwU3d
1JWr3YZVo
1QTTpLtnI
1RHzPKg6i
1XZZKU70c
1YGaXVKBN
204281
224C21FACFFB1DFEEFE4F832F4277774
23WL51YW3
24q2cr5J7
24T24IiRn
256B1B1EABBA4866478C2434A4376BBE
25OSckdqj
 25 Series II Home Theater System
25yLT9MxR
2633ED84D5AA965163097E17AAA8AA15
264459
274507
2812F22280F02DD7674BE83DB464FD71
283637
288738
28AgvpTLG
28DE230435D51F6CE29E1DC03527E853
295099
2A1DjvvOl
2BcIGOQUc
2BjH49VXm
2C0rO3G9C
2dh6Rw4ci
2EBZPawFI
2GNmGQaU0
2I0X0gjul
2Il5AXDGa
2Mt8PrwDR
2nufED6Vn
2qMU6QrfL
2rxCL7P75
2sOnIp4Zn
2XWHzQFLP
2YOhDDsm7
3-2-1 GSX DVD home entertainment system
3526DC9C4DC1A77380BC42E6295426FD
354408
3616E00DD3C1A35CE5825F89C784C880
392028
396394
3B2wbbMGk
3EH5F0mP0
3F4r6vlqe
3GsiqWc94
3gwfDmZ47
3k0r6n4gC
3o9Vit2BL
3oFO8ehg2
3ohi7G58X
3QcN1ygr1
3rbrfaaC9
 3 Series IV Speaker System
3sO8dFhxZ
3tOKcfUvq
3UCy3lPE5
3YchGE3jF
404
419uJDePR
41iMts4d3
42F6610039570DAAB45E3FBABFA00DE4
432889
443654
448hj7S4r
449076
44F86BF5A77205E96403A95EDEDC04BE
450307
453942
466949
46W4Rxddw
497009
4aHzXQEEY
4ct0QyH3z
4fRFoJHSb
4hESrqrKe
4HOehzXE7
4lTmvMscZ
4pODbvZMw
4qFUzaQSk
4wN23BUPO
4ZFe2LdPS
4ZKk7zZWF
500712
 50 Home Theater System
5173850BEEF8EBF444F827859F24EE38
530994
531867
535540
53O4To1Ai
543927
546594
55qyirq1M
56DC3763455A6F261AA104EA2862535C
573291
586111
58Zgp4AGV
5AB6B400FFADF82D3049DC065DF081FA
5AKrF1u7f
5b90js
5CZDfCiIS
5dZLcU2bK
5EPnrtJR8
5ez1vqPVG
5fUKA3wD8
5jZIdFTZ2
5NgcoiMdi
5NGKoAB1e
5qRxMgNZj
 5 Series III Speaker System
5WhdIU5Ju
5yZLbi3SZ
624889
631343
634157
63sCkCmOe
642602
652DA96F1F36E9B9C55725C58A4B546E
661050
673950
68gWhVHxX
6CnFue6TB
6EngSkYyG
6fN4NXxTD
6g7Tp2Lkk
6GG4GZBXy
6M599L7L7
6oV81020y
6OxYlOQ6X
6qerLmEUJ
6r3hBmD8f
 6 Series II Home Theater Speaker System
6tuHJccwD
6UP1CLcdh
6Wu3jalbg
6Y3DmQLUP
6ZSZhgXXq
705468
708473
709696
71sUfS1FH
739058
73AE1F07876BA65408E6E10CD49BF78C
747BylP8f
77B798CD40DD969AE9F9A1B79A99209B
781027
785484
786590
7ap4li3lu
7C4D01E2F5D3CBAB895EB341EF5C2235
7C6C4C22C4673F53856FD7E7A3A5CA0C
7cWowAJVz
7dK8aDmRM
7Dpw7dNRK
7EEA97130BBFC4AC62053B24C07820B1
7fx3IjEWw
7KQtxb3NN
7mgBzwtfo
7PaRmVHbV
7Q8VR2mTl
7r7o11agp
7Skm71jMA
7tDfAFwp9
7XZVCM3ZF
800661
80969HmFt
816880
82CEFB541CB0AFE9762BC5534AF7606D
832763
8394569E6E4C94DEBCD4ACC128F0E6B7
842501
865524
8ACsrzo3B
8B5NKq1Md
8e8UJKkzN
8IU8YQYVJ
8k6rDYeyY
8LqYwsaiI
8m659rqkv
8nBr2gqDG
8OeDUn2nK
8PuS8H7Fy
8T6caReSF
8veZXQCcx
8zf6WDTQZ
8zS1ROWeT
905276
911529
92NFZOWXw
949020
94hYM7DVl
974185085C5D01CF585AEE6D8531FE1C
976942
98030848208474D37305A161DEDCAD18
9A1pSKFwd
9a90cIQLv
9aS8T5DH6
9B1731D70A58E48B2CB7F2F0BEA504AA
9bcHr1UO4
9cdCL60Jv
9cpS9AQQ1
9D28D6CAABA93A0117947C032693CE16
9DBB37144F514BF37664100FB5433845
9eMaHjek7
9EOBs75ja
9eui76FiK
9hEqvhM22
9MSgqQjB7
9mXVyKkvm
9P1SH06ee
9pYezCUJU
9T0a8IPtd
9w1Lxa15R
.a
a.
a0fOuHxYl
a1AI7txNT
a4WEka6fp
a5ya0n2CF
A8E65E4D7A540DFEEC8675FBE2C96378
a959VcmPp
aa
aa2Qevxls
aAiBdaoxk
aajd4M91X
AakI4NjxM
aamb
aamlh
AB68131911689674B4CD0671E515D7A0
/account/my_account.jsp
Acoustic Wave connect kit for iPod
Acoustic Wave music system II
Acoustic Wave music system II multi-disc changer
action
.activitymap
activitymap.
AD77vOmKr
ad_blid
address
address1
address2
adgroupid
Adobe Acrobat
adobe_mc_ref
adobe_mc_sdid
adPlacementID
ad_rid
adtype
advanced
ADVERTISERID
AE22A3C649559C5D4690ACC4A27E78B9
affiliateid
afsrc
agvACvdlG
AH8dCfx50
ahvKvFYmy
aid[62732]
aid[62734]
aid[62737]
AjGsh5h3n
ajKQ3jjyX
alHvLVUbP
alias
allow_punctuation
am
amB7UsWqh
amp
amp...
amp;ck
amp;gclid
amp;gclsrc
amppageName
ampproduct
amp;url
aMSfd4gev
amWixzzPY
aNgm6xEX6
ANr8VqGFb
a.offsetWidth:a.offsetHeight
a.offsetWidth:a.offsetHeight,e
aOvv2Z6MN
app_data
aQ3rWvofW
[AQB]
AQB
[AQE]
AQE
aQgDHn7R0
aRgMCHZHS
arPDpWCxH
asset
attachment-id
Au2vjMwsU
audience
auto
avGDC3s7r
AVrDlRUwO
axON2XvhC
Ay43e3hv5
ay6otRz5z
AyByRzhtH
AYRrIHPRz
AYxECCwgY
b
b1FKp0TGX
B3YrD1Nl6
b4b24cHSX
B4sZp3Nfy
b6HPsWUjK
bannerID
bciWAdT9w
BcJCPOeld
bckey
bclid
bctid
BCyEujVRK
BDDG28dnQ
BE26FF1B6A989369661A80A98DC66A18
bFfHIescA
bFkMDZsSF
BFs2uVsg5
bfX1X2Bh6
bG7NmgegK
bh
bhfOT8pNt
BhKOlYEcL
bI9mPCaxP
bid
BiYWEQmVW
bj8NjCR6p
bKhhao7tX
BKlaTN8yw
BO70AKm4Y
board.id
/bose_serv4.gif
Bose Wave music system
BPCYAocfg
bqaNXRqnE
BQEfQJlBr
bqn97VFGj
BrGS0LEO1
BrtaDYzjP
Bs0FtbRLw
BSTDWegMf
Bt5YxzMGd
BTETOpV6P
bTnKIefCj
bvproductid
bvroute
bvrrp
bvstate
bVxN6ydIP
bw
bXJWPPKJK
bxRB8O3lS
bxzODz7oA
by36dRarC
By5wCiPFq
bzZRb7yid
.c
c
c.
C037F1B3C9300329B49449D81AC11431
c16
c18
C1nH4oCUF
c2
C310D146B26085FD42FECB393FAB94C3
c34
c4
C41GxhcHB
c42
c43
c44
c45
c46
c5
c53
c5Vg8TmeJ
c6
c60
c63
c64
C64898F4891B7507C787936CADA120F8
c65
c66
c67
c68
c69
c70
c74
C7omikzun
CABxFyYU7
callback
campaign
campaignid
cartItemSequence
CAT
category
category.id
cb
cb75kPgdY
CB.htm
cBKjkPGnG
cc
CC2B7AF43FFEC033D613C60C926F021A
CcvyOPQI9
cdp
ce
 Center Channel Speaker
CF2DB30963BB14CD96597B605C6823D7
CF79oSgrj
CfJwFb8w4
CGHBWLFyk
ch
channel
.cid
cid
cid.
ciid
city
city1
ciYZEKvLf
cjevent
ck
client
clientUrl
clZ391qIS
cmd
CmNx4UM9A
cm_sp
CNdSeql63
collapse_discussion
color
Color
colorvariant
comp
COMvDCxTI
concept
config
configFile
cOQresW92
core
coSpgO6If
country
countrycode
countryCode
CountryCode
Coupons Inc Bricks Plugin
cpage
cpncode
cpp_1
cpp_2
cpp_3
cpp_5
cq_ck
CqHuwgoU5
CqQyCOFEj
cr
CRCR9Z8oe
csgKU4r6X
ct
ctrl
CTRL
ctype
cuoUXrH6w
#currentState
customerId
CustomerMemberID
cVFWw1cPt
CwHNQCiON
CWieo1sz9
cY28FOG3V
CyvUsi2Hx
.d
d
d!
d.
D
D07393134D39A9F1DE506377C358B89F
D1hf4u68S
D2jiDg1sH
d4urEPVZ3
D9TWLIj4s
dAJhh48G3
dartsourceid
dateOrMonth.monthYear.month
dateOrMonth.monthYear.year
Db59UByfD
dCKwqbhlG
dDZETBUq5
DealerCode
DebfUdz4l
decorator
DeFKHShdV
device
DF9YBjO6Q
dfasourceid
DFC999B30BA2C1ED6CC97793F9404FDB
d_fieldgroup
DFzIdjiBq
dgc
DGKhOaYFF
dgPSYlryH
did
DIF9SCf4a
DIlpODibV
dim
direction
distance
DivX Browser Plug-In
DivX Player Netscape Plugin
DivX® Web Player
DkA2FZnfC
dkurl6ALz
do8dPPfVL
DocName
domain
DoyOfIdih
ds_lpt_end
ds_lpt_start
DTCLinkI...
DTCLinkID
dtm_em
dTwGk5H1x
du7YcdUml
DuCnOB6jo
d_visid_ver
dW2TisRCn
dWWe90Aj1
E0904889E39763E2351E1410BDDF32B6
E0bVYdv7B
E1CB900290AE48FC8D415F2CCE1ECD14
e1SRaS7V1
E4zK33QlX
E5ICYhoWw
e6WLQqEPM
e6YAlzqN0
e80qiBkYo
e9e4xNpY6
E9xMy5ONC
EarCap
EarCup
Ec20kAMxu
ED8CE1FF1D2CE3FAAA613D1C50BBAA2A
@e:`D`F`x^h
edgV7hoRO
edKrtEc5N
EED5B9E442ED8472F39F9EBFAA458226
eegGIEw3j
eF2enQPqc
ef5l8EoAT
EH8CoqtDC
eHmtXXSoo
EHQFwn40Z
EiFGBlqPV
eilNldSPv
EjwUup6my
elemHeight/2:elemHeight,atOffset
-elemHeight:my.y
elemWidth/2:elemWidth,atOffset
-elemWidth:my.x
email
EmailAddr
EP47CMWPB
epBa1h4yw
EPg0zqU5Z
EPUGKkHTZ
EPutKXBW6
EQ
err
Esoc3Impp
et
et_cid
et_rid
evar11
eVar11
 event
?event
event
eve...NT
event%3DVIEW_PRODUCT_PAGE_EVENT%26pro
event<h1
event<img alt
events
event...technology.jsp
event\u003dVIEW_PRODUCT_PAGE_EVENT
eveVIEW_CART_EVENT
eVh5bywnJ
evRuBHgww
EvvKi3ibb
eW4OKaZnd
EW5StKpuL
EWInUp5UO
exfro09v7
ext
extole_labels
extole_shareable_code
extole_share_channel
extole_source
extole_zone_click_event_id
extole_zone_name
Exy7jPrOX
EYO0nbYcr
EyzOKlO86
eZHa0vCTQ
f!
f/100:1,x:g!
F10HfXaEw
F553F61A3943464FB275808AD54C3A0A
f74hnKC6K
F7j7TnVSI
F83C0oxqI
F8NzhAVsH
F90944E37B93E0205A4C6B82B5FCB4CA
F9F2F595802BF6D45607A5A7FEEDDC86
facets
fAK3mTVGd
Family
fbclid
fBCoc2tNY
FcWAWsLJQ
~f',~_' ~Date~name~home$d~.s_~s.c_r(~s.rl[u~o
FEA8CF45E7A4D5046129966AD3DE0557
FED695D646EFF782452DC0B60BC884A0
feed
feeds.replies
feMlvr6vE
feX5xMD8p
ffcb10-fe851072726d027b7d-fdf4157570610c787411707d-fe9515707062027971-fef8117777640d-fe1c16797d620c7c7c1676-ff961075
ffcb10-fe8610717c60037a7c-fdf4157570610c787411707d-fe9515707062027971-fef8117777640d-fe1c16797d620c7c7c1676-ff991072
ffcb10-fe8f107270610d7a75-fdf4157570610c787411707d-fe9515707062027971-fef8117777640d-fe1c16797d620c7c7c1676-ff9b1573
ffcb10-fe90107271650d7a71-fdf4157570610c787411707d-fe9515707062027971-fef8117777640d-fe1c16797d620c7c7c1676-ff931078
ffcb10-fe9210737562017576-fdf4157570610c787411707d-fe9515707062027971-fef8117777640d-fe1c16797d620c7c7c1676-ff981675
ffcb10-fe97127274650c7e76-fdf21076756c077873107975-fe9515707062027971-fef8117777640d-fe2412737d610c7f701773-ff3415747461
ffcb10-fe9810737460067b76-fdf4157570610c787411707d-fe9515707062027971-fef8117777640d-fe1c16797d620c7c7c1676-ffcb10
ffcb10-fe9910727767027f76-fdf4157570610c787411707d-fe9515707062027971-fef8117777640d-fe1c16797d620c7c7c1676-ff921079
ffcb10-fea010727462047c74-fdf4157570610c787411707d-fe9515707062027971-fef8117777640d-fe1c16797d620c7c7c1676-ff921079
fFYJhA2gT
Fgkep6aIF
FgtKk0GPb
fhFWuRMl9
fid
file
filter
fjb8RHGJH
fKoXwH05g
fKq4bgk6F
FKVM9HbE9
fL4qhfGm7
flag
Flash
fmOm3pPiB
FMYHSlOY2
fmySRgax7
fnhjlPteV
FNk55OYqU
fnwpOEGzW
fo49XBhpa
fontPath
foo
format
for(~Sa
FOYU956ji
FPEqtWZqk
fRO4tArSS
from
FsRKZx9TT
FT2NHIVH5
fTLg5qAak
fullURL
fulsourceid
fulsourceID
FVqGnb6dd
Fw5G4Hq0R
fWtEYruin
FXhjt1Azy
fXKe5zhgQ
fXmX59M44
FyGVLqj6j
fYTddIvKq
fz0AaLK8v
-g
g
g1zzPJQBr
G3teYGX16
g912qfBhV
GaNrZp0aQ
GbGGdnHEp
GBvmphg8D
gclid
gclsrc
Gdo6kV0BB
GgxS2JW4o
gHjO8axfZ
ghLRSwvYr
GIQTMqWZr
gIwpPVFbd
GjChldGhS
gJQnnwjKQ
gjuHznKmy
global
glQrLzNKc
gM6UV8Imy
gMMvzcJsw
gn
gNhXxn0B5
GnYFN345p
gPbzvvh3K
gPQyRIoa9
gpY4zn5QU
gQ1IOGyXU
gqqX3LTSp
Gs9pc1QgP
gshUeLalB
GtMZavObJ
GvOgpNZLl
gVry11DKC
gw3wL274s
GwMK4Y8to
GWZ7MFKOY
gYgVGHBZb
gzm4JS6UE
GzORhuGB1
h
h1
H3w4nd9AL
h4nhuPEQV
H5fXjGUdt
h7TkV093B
h8fCTzG7r
H8YkDvpJD
ha3ays13D
HBVgppT2S
HCE96ZqKM
hCzmw8Dhn
hdqrO8TYv
h~e
height
HeLtZFkZc
HEqrFc42G
Hf75JP2Y3
HGWsdRXMz
hHg8LRX9a
HI7x6ukyV
hjIp2Mi2k
hkIJVwcnv
HKzoa5A0M
HlsQfvfho
hmkdslyw5
HNkIcxjlB
hnodNWr3n
hp
hpbQrMbXG
hqGBa8KrH
hQqMo4eKu
HqUbTvwBy
hqv7fupWm
hss_channel
HTbchXqzw
https://bose.centercode.com:443/robots.txt
http://www3.bose.com/company/employment/
http://www.bose.com/multimedia/
http://www.mazdausa.com
http://www.mazdausa.com/locate.asp?zip
http://www.microsoft.com/ie/download
http://www.netscape.com/download
http://www.netscape.com/download/
http://www.twentiethanniversary.apple.com/
HwBOYslPF
hYGf4FmGm
hyUQPlTfN
hYxJTK6CL
HzLCQgorc
I30QheEzs
I7fabzhGl
I7xS3zwYQ
IbcHXyweZ
IBvyORMgE
ICeObj43z
id
ID
id1wyweBv
IEtEeD4vy
ifiAEvFpz
if(s.apv
ig3k6Wx7i
ig8QtvNqZ
IHMZ5QiSj
ikVJZANuW
IlpDY84ho
ilt5wK3pJ
iMcVS8JQs
ImKQFSmWJ
IMRwNkZUl
ImwlWRfre
InnerBand
inset
intcmp
interaction.style
introPath
IOcNfogQL
iPhotoPhotocast
iQldiNbHV
ir9haY0bT
ise6EbShS
isNBlcjDU
ITi75HvJM
ItLtxNGcT
itok
IuKXaUmjF
iUXW96aXW
IVKy2vcAu
iVNMlh72X
ivRktZvQy
ivUDRDMbW
iw0zNJ4WJ
Iy2LyS0CM
IyArdi2hA
iySHuAfAJ
izuapTnTP
j
J0FQgz8Rm
J1Al2NiWG
J3F5ywzsK
J7PiEpVlK
J8JcEa1tZ
j8qqBsSC0
J9IEAXzxw
JAiKQ4gVb
Java Plug-in
Java Plug-in for Cocoa
Java(TM) Platform SE 6 U2
jC1ZGtgRY
JCeOAmXAK
jD2J5rDMe
Jd8hPnbWF
jdCcrSBDz
jDDCF5wU9
jeaGeFdwK
JfpqReR52
JIB81XvDm
jID
JILmQc2XD
JiLZz5mNs
JIXHvqwY4
jjcQm8Tkn
jKGd97LAj
jKT5Qdjdq
JLg8M3u8e
jn8q2nJpQ
JNGCYy3XM
jp
JP5Dv7ktC
Jp8xmQ6D6
JpdxOfgm4
jQnp4nAUx
jsessi
jsessionid
jsessionID
jsonv
jSXPJbv5I
JVMKd49dK
jVWtg347X
JXJzukbp4
jyltgnUj8
jYMvX7mD7
k
k0EtEupi6
k5GyLx22G
K5naXmuWH
K6VjDV7vG
KB4KqDgfz
KcFO0f7XM
KE6qXyiv6
keyword
kFjzgWBrW
KGDGBmXdt
kid
KiVhrbFtw
kJ5zRrQNn
Km0YxaI0I
KMfqQd2Mt
kmnFwnHvB
KMoxCNbsE
kmX7nNpJu
KnBgskBt2
KnYm44jBC
kOc3LT2fn
KoUOUia4S
kpWl8OgU6
kQ1CrCjIE
krAfk1tG2
KsF72iazp
kskjcN3nT
KtmwRI3xw
Kts7lUU1B
kV5CwZ8Ld
kvRhwSdCF
kw
KWFM.net
KwTtPB94e
kxidoqbrm
KYlLdVZ4P
l
l$kSESSION'~')
l2
l4XfEtMKz
l5nzOwm6R
l7egVczcu
LA3EcnVwY
laIvGYrnC
lang
lcgvKWj7T
lclg
lclt
lCzL3Dxc6
ldpgZpLiB
lDQEm11mr
lemaaB4Xo
LEoyRKUHa
LesIKGUwr
LgNpP2t9F
lgPZeKNEt
lgvX2hQJq
LGzA7lkvz
lGzIpngpm
LHQ4lNIwn
LHZxPuf13
lid
LIFESTYLE 18 Series II DVD home entertainment system
Lifestyle 28 Series II DVD home entertainment system
Lifestyle 35 Series II home entertainment system
Lifestyle 38 home entertainment system
Lifestyle 48 home entertainment system
LINEID
link
linkId
links
linksource
LJDRoy9kc
lL7THdW06
LLfk2JOGa
lnk
lNRw6s9U5
LNwsg13UV
Lo9xpKH3G
lob08hoBk
locale
location
LOHlzwAss
l.onerror
longUrl
Lotus Domino Sync Manager Installer
lrt
Ls0QrTEhc
LSpO2bBLh
lT7Wpz57d
lTbBjWSeZ
lTDVlMFcE
LtmGbU6ja
lupuD1cMW
LuzCwaMbW
LvQEg8m6n
lyrqmlms6
lZvNIBlKw
M0qWlGBVm
m1L11UbQz
m4dc56
M5npsstc2
m6R8oOXBH
maNeCgoGF
manufacturer
map
maplat
maplng
MBnG2OJIr
mc
McAfee Clinic
mc_cid
mc_eid
mcorgid
.mcvid
mcvid.
menuParam
merkle
mersourceid
message.id
mfAWdXEr7
mFXtFfe0N
mhATVMXps
mhKqpMhQp
Microsoft® DRM
Microsoft Office 2003
mid
missingImage
mi_u
Mjcn2dxPa
mJPAiI3DL
mjRxolUg2
MJWPbbl1a
mKkdk0ivP
MLK6Icmy8
mNh0a9r31
mnQtIG4PV
MnYlbbsE2
mobile
mode
model
monthlyInstallment
Mozilla Default Plug-in
MqCBVZpEH
Mqcp8D8vl
MrdOAgQld
mrOSC1U4R
mr:referralID
msclkid
msg
mTiP9gB5k
mtZ45qnwC
mulsourceid
musesmuse
MUWngXEMA
MvCFHE7bZ
MVriyiSyu
mXfDCANjL
mXqzIw3Pl
MzOVcRIsl
N
n3xUgZgII
NAmAp3gbq
name
namespace
nAUYWM8p0
nav
NaVRkRNS6
NB3fEfZgA
NB6I3Japi
nB7jRKr7E
nBRE103dv
nBsKpnXyf
NcW06BYdz
ndh
Ne
nevDmn5W1
nEXn1FUIv
NFFDLc5WP
NgAB4X8iS
nHXE4jP4H
nLareSwFK
nlL6kJBis
nllJhol1O
NmHMoxck3
NMSPdVtGQ
NmwHJyiGp
nngcX2Emd
No
nospellcheck
nqPEH4EuJ
nqVgUxsqP
nRJEonrBk
nrs
Nrs
ns
nsid
NsSjwUEHb
ntclickid
Ntk
Ntt
Ntx
Nty
Nu6IhPG1d
null
nutxSJL3H
Nvd9hyj4Z
nvedJj3K1
NvGAlWmtE
nYdFE5bpR
NYVEeCNXC
NYZ6HRr4p
nznZfXemX
O0VAtmJJN
o4p7T93HL
o8JBqIbkH
O9KDNP5Ua
O9QiZsaac
ObIZTyvox
oC9pkLEaH
oDfw8o21v
oDunNGW41
offering
offering.1
offering.2
offering.3
offset
oFkPM7V2m
oh1NVqnt9
Oh3DxqpiS
Ohyj9DXXg
oi
oid
oIjxy8ynk
oIRZpI2td
OjzGqpkB9
okFsNuxpt
okNaUDKQt
olfPLU5pd
olMlZdFDJ
oLOKTbBpT
Om4f1zN6p
OM6QuTWwH
OMbi7UJEk
ombYJwovL
OmCOLUb5d
omfegMOzZ
OMSMbiA97
ONEqCCSCe
oOfo8WPOP
o.p
Op07qL6u1
Op6iKC8ob
oPqjHwXBr
oPuMHxHKd
opv0f5
ord
orderId
OrFg27qEJ
org/apache/catalina/websocket/package-summary.html
org/apache/catalina/websocket/WebSocketServlet.html
originlat
originlng
oryosm
ot
otherinfo
ots5TTvxX
ottNli1aU
ouEOZbQam
OuterBand
OUWbUg14j
OVADID
OVKEY
OVKWID
OVMTC
OVRAW
OVx49DQXV
OyzwSHuy1
p
p1
P1hD059at
p2
P4qd1GlNC
P69VjaE8b
P8l6FcYpa
P9JOuDlzp
pa2
pa3
pa4
pa6
pa7
pa8
pa9
page
page_id
pageIDType
pageN
pageNa
pageNa...
pageName
pageversion
parentMenuParam
participant_id
path
Path
PB5pUBvmz
pbPumX5qg
pbPzS03hL
p<br /
pbr
p<br />erfsourceid
pC5hXkJaH
pccr
pcgniMSR5
PCrGFUKUV
p.delim:
pe
pe...
pE6O5SIvU
perfsourceid
perfsourcelty
pers_from
peushj
pev1
pev2
pf
pF8m800wX
PfCTd5rGM
pfid
pfId
pfJLGWMwH
pg
pgid
PHJhWtzBC
phone
pid
pidt
PKEZhtsvA
playContent
plc
plckArticleTitle
plckArticleUrl
plckCurrentTime
plckDiscoveryCategories
plckDiscoverySection
plckGcid
plckReviewAuthorAttributeSetKey
plckReviewOnKey
plckReviewOnKeyType
plckReviews
plckReviewShowAttributes
plckReviewShowCreate
plckUrl
plckUserId
plP3b8ATh
pLRgDTMXt
pluckLang
plzQHIL5W
Pm3uXsWC5
PN
PNVPKgIJh
pop_email_url
position.top 
postalcode
pQLsdK6dt
__prclt
pref_from
presf_from
pres_from
prevnext
processed_view
prod...iport_ie_headphones_index
produ201_bookshelf_index
produ201_rear_index
produ201_sa2_package_index
produ201_vcs10_package_index
produ251_outdoor_features
produ251_outdoor_index
produ251_outdoor_inthebox
produ251_outdoor_photos
produ251_outdoor_reviews
produ251_sa3_package_index
produ301_bookshelf_features
produ301_bookshelf_index
produ321gs_dvd_index
produ321gsx_dvd_index
produ321gsx_dvd_reviews
produ901_floorstanding_index
produaccessories_aviation_headset
produaccessories_cables
produaccessories_cd_changers
produaccessories_headphones
produaccessories_pa_system
produaccessories_setup
produaccessories_wave_products
produal8_wireless_transmitter_index_single
produam10_surround_index
produam16_surround_index
produam3_rear_index
produam5_rear_index
produam5_rear_reviews
produar1_wireless_receiver_index_single
produawms_wave_index
produbookshelf_subcategory
produbookshelf_theater_package_subcategory
produc51_outdoor_index
produc51_outdoor_photos
produc61_bookshelf_index
produc91_rear_index
producinemate_surround_accessories
producinemate_surround_index
producl8_wireless_transmitter_index_single
producm10_surround_index
producms_multidisc_index
producompanion2_multimedia_index
producompanion3_computer_index
producomputer_speakers_subcategory
producoommate_speaker_system_index_single
producounddock_multimedia_index
producr1_wireless_receiver_index_single
producreespace51_outdoor_index
producremium_dvd_subcategory
producr_wave_index
product
product...
product1
product28_dvd_accessories
product28_dvd_index
product3_expansion_index_single
product3_headphones_index
product3_rear_index
product48_dvd_index
product5_rear_index
product5_virtuallyinvisible_index
product6_surround_index
productcd_wave_index
productCode
product_id
productName
products
product\u003dtriport_ie_headphones_index
producurround_subcategory
producustomer_favorites
producwmsmultidisk_wave_index
producwms_wave_index
producwr_qc2_qc3
produdvd_subcategory
produexpansion_ls50
produfreespace51_outdoor_features
produfreespace51_outdoor_index
produfreespace51_outdoor_reviews
produgift_of_bose
produheadsetx_headset_index
produl1_basic_live_music
produl1_single_live_music
produls18_dvd_expansion
produls18_dvd_index
produls28_dvd_expansion
produls28_dvd_index
produls35_dvd_index
produls38_dvd_features
produls38_dvd_index
produls48_dvd_expansion
produls48_dvd_index
produmay_we_recommend
produnew_from_bose
produnfb_sounddock
produqc2_headphones_accessories
produqc2_headphones_features
produqc2_headphones_index
produqc2_headphones_reviews
produroommate_speaker_system_index_single
produsa2_expansion_index_single
produsa3_expansion_index_single
produsounddock_multimedia_index
produsounddock_multimedia_photos
produsurround_subcategory
produtriport_headphones_index
produtriport_headphones_reviews
produtriport_ie_headphones_index
produtriport_oe_headphones_index
produvcs10_center_index
produvcs30_center_index
produwave_subcategory
produwms_multidisc_index
produwrcd_wave_index
produwr_wave_index
produwr_wave_inthebox
promotable_code
proselection
ps0owi
PtIabEGQx
publish
pVGjsbo4S
pwdCJ4aew
pWEwFpT4L
PwFpx2QyI
PWiy3hKv7
p.wrap:
pwTFI34Y2
px
PYM9JBeIN
q
q0AdZ6chN
Q3qhTpcPS
q3wjySsc7
q40khsE0e
Q5hvJ5qnc
q6GhmM24r
Q7i9ECBkA
q7tbfl
QC1eEExn7
QCXD3QPUw
qDkI0oozt
QDlPZg6Xj
QdNe5y74p
qDqOuPBuh
qfXMiNVXo
qG11KTDED
qGfILrZ1U
QggKjM1M5
qIba1OplV
qID
qIqbqOYgY
qjj1AHJ7o
qMuCsaZFy
QnYlOMrsN
qoa6rgkxv
QoAoG4IXC
QpEslKnwu
QqKiXOXQi
Qr2jbNjrh
QSqqIxs0x
qStzGeAxQ
QTtkWeVo8
quantity
quantity.1
quantity.2
quantity.3
Quartz Composer Plug-In
query
queryForDisplay
queryRadius
QuickTime Plug-in 6.5.1
QuickTime Plug-in 7.1.3
QuickTime Plug-In 7.1.3
quot
qvoCGzunn
QvSUOXRzp
qVzdorfpa
qwKJENsax
qWrTbeUCn
qXEcIyjbV
QxIM7icVl
QXYYlW7xS
QY1VUtLFd
r
r0RuprPNl
R1ILqpyol
R41VSREy8
R7yP5GUHG
r8amytX8n
r9RJQnfLt
rA4Oga7Af
 Radio/CD
radius
rcKETrMvG
rCytdP9R1
rd
rdvGwq58o
reaction
recid
redir
REDIRECT
redirectreason
redirect_to
REebEiOks
ref
referral
refURL
reg
region
reJB1bWow
rel
remember
reply
req
returnToTarget
rewrite
rGLHwuGtQ
RGROUP
RHA5tRSMz
RhBQ96ZhU
RHtMgNkgH
rjeuPEr7c
rK26tX7SK
rl
RMl7DakkU
rNgNBI94R
/robots.txt
rootURL
Routing
RoutingCode
RpEdbPwIy
rPob34kaM
rrjycf4q9
rS3HJf1W1
rsd
RTVyPHcbd
rUpEMxSN3
rVemXGqjv
rWX0CcLAw
rXWfOKP7C
RzDciAiHv
rzk6fMH1D
s
S0CmgIfux
S0uQEwLsG
s3pNdBma4
S3pQvxwog
s4QFxssYB
s7xvJ18As
sa_campaign
samlContext
sc
scale
sCkXNU5hC
scnNt8Fhn
sCqMgvGTf
scriptfile
sdid
sdidx
search-action-id
SearchButton.x
SearchButton.y
searchEvent
search-result-uid
searchTerm
searchterms
search_type
section
SEGMENTID
serialNumber
server
sessionId
sf203844375
sf204060414
share_id
shipmentcode
Shockwave Flash
Shockwave for Director
SID
site
siteid
sjZEGke7z
SK5gVsHOO
skipCSS
skOHFmoGB
sKUtmET1v
SlHdLoaCw
SM9ORuNGE
smeLvlCvo
sMfZSSsaz
solution
solved
sort_by
source
sp
SP
Spacer
splitTestID
spName
spUrl
SQj6DGDcE
__SQUARESPACE_CACHEVERSION
sr c
src
SRC
src-CMG00021
srccode
srcX
sssdmh
sSZzrefJu
st
st3Astt6R
state
state1
step
STI...
STID
sTmP36mLc
strHomepageURL
strURL
STXID
STYID
stylesheetfile
subject
submit_pulldown_loc.x
submit_pulldown_loc.y
sVY3VD5B1
sX3PoBWzU
sYkMrmjkg
t
t1irur9rP
T2aEqyewC
t3rNxzQRT
T4jIOFILX
T57Pks2w4
tab
t:ac
target
targetHeight:at.y
targetWidth/2:0
targetWidth:at.x
TBtlkuFJN
t:cp
TCXNC0PAh
TCzARSnaj
Te4nYzIXd
TEcZRmPdh
template
TfbcYjqLV
tFCUNREfg
tFwHMmSG2
tG38wQjmm
tHDxi6Ck4
.../theater/systems/surround/index.jsp
thisevent
this.style.display
tHPu0740t
tI4FVhg0m
timestamp
tIxKC53wg
TjRXYrmYj
tK62vFAVS
Tkca8kxUT
TLfhrKl6D
tlmh2xOKH
TlNTDzZXT
tneDsdtqW
tnfgyacmN
TNNJiFvcu
to
To6P6Wj9J
toZ1GJBv2
tPAuJSAsn
tQMLndB3w
tRElzs1ms
ts
tSKYVO5Zq
tsUlkvciI
TT5FXivdA
TTpbi8r1r
Tu8DhbvEP
TVcitcjqg
Tvs5EHGRC
tXPmvwPm6
txtSelectedQuestion
ty28rX3WO
type
tzFAhFChq
u0wVDNyJF
u1
u3Ssy5Bls
U4BnTUjIg
U4IHR9TNq
U5gMbCoAu
U5N8r6L78
U6InVZalu
uDBYW2sdD
UE1LlOUWm
uerUQITsC
UExVuG9OL
UGgGnvLmO
uid
uiNFHsMPA
UJwqEb0qM
UKMZh30NB
ulFTXNhT7
uLpvxC0gR
UMC25vRYc
UmDekZiL3
undefined
update
uqbVd5c1R
UQj7fYvQK
UqPxweuOR
UQsV17zaT
uQTWQPde1
urenduratec/index.jsp
ur...espace/fs3.jsp
urhome_entertainment/anch_family/index.jsp
urindex_2.jsp
urk3rTble
url
url 
url  
URL
urlearning/acoustimass.jsp
urlearning/audio_glossary.jsp
urlearning/index.jsp
urlearning/project_sound/suspension_challenge.jsp
urlocator/bose_stores/index.jsp
urlro/about/index.jsp
url=/shop_online/headphones/audio_headphones/in_ear_headphones/index.jsp
urmusicians/index.jsp
urpopup/promo/pop_bose_consumer_financing.jsp
urprofessional/index.jsp
urprofessional/systems/index.jsp
urpromotions/entry_pages_3/awms_mdc_popup.jsp
urpromotions/entry_pages_3/qc3_entry3_test.jsp
urpromotions/entry_pages_3/sdock_entry3b.jsp
urpromotions/entry_pages_3/wms_entry3b.jsp
urworldwide/index.jsp
urworldwide/int_bose_stores.jsp
USA02005
USB06002
UsbFx1ufX
USE05002
uSk1i49QT
uSNF5sb00
USULdamQ2
utm_campaign
utm_content
utm_medium
utm_source
utm_term
UY9Gd6WON
UZOJiR7xP
v
v0
v10
v111
v112
v113
v114
v115
v117
v120
v121
v122
v123
v124
v125
v126
v127
v134
v137
v142
v16
v161
v18
v27
v28
v2ejmDcrZ
v33
v34
v3Oh783F4
v44
V4M4gF758
v50
v51
v52
v53
V5AJ5F5lf
V5kSocM0F
v60
v62
v63
v64
v65
v66
v67
v68
v69
v7
v70
v75
v77
v78
v79
v7BbucZd3
V7hmcE3hE
v7JEZW1d8
v7k3SnCdA
v80
v81
v85
v9
v95
v97
vake9gZZw
vAmOjTqln
variant
Variant
vb4qFnY7N
VBx1KyLaR
VC4mEtP3G
VCd96rHzC
ve1cI0Wjg
VEGO0Rvgo
VeM8nwKc1
ver
Verified Download Plugin
version
VgrEjxcvJ
vidn
VIEW_PRODUCT_PAGE_EVENT
VIJTYeLhk
vL0WWH6Q5
vLK0rCOoJ
Vlt0FcEAt
vmt
VNSVSTgw7
VNZTXv97V
VOC7wqhMq
VOFur9bAn
VoHewtRMJ
VourXhpeK
VpOnXydGK
vputociKV
vRCpXmMQv
vrX8U6VKT
vvCQK5eae
vxrfxSovL
Vxt7FOIXv
VYxYnqHC4
VyyrVV5hA
vzuuLku3Z
vZY5JIUiZ
w0ftda
w1xZzBE8Q
W2dBh7FD8
W3hqLJkg8
w3vjQZvfF
W8U3TmZ6G
W8u3UnjSR
wANIPhVdj
Wave connect kit for iPod
Wave music system multi-CD changer
Wave radio II
wbvPDweXx
WcHtLqaGY
wcmmode
Wd0i93Mfo
wDKcq07co
welcome
WG9J5BXZO
WgykWs2Cj
wI6TFcrOK
widget_path
width
wiImglhCw
Windows Media Player Plug-in Dynamic Link Library
wj4sDIpRl
WJjvTb6Cq
WLt1K5fx2
WMJit7nl6
wN1GiCzIv
wnSIX637S
wordevice code
words
worroomate II
worsounddock black
wP3oZTKkc
WpMCUbP7d
WpyijiMsB
wRCWJV3Ec
WSOBxgP9S
Wwe9iWHvT
Wx6FIKrfO
WXkRxFPAR
x
X4kz7cz7E
x8DZZ3ebJ
x8ys1tFRK
x9QMQeQap
xdesc
XgWxurH69
XgyKXFWTp
xh2p06kDV
XhkfVIYYC
XhmMRGsjR
XlM22QJIT
xmlFile
xneCbaHb3
xntSoLq94
Xqb9HUCgu
xra5GYKHV
XrEp1YpZD
xTKyrqYlZ
xtWVXJ2ei
xTyUgOn3r
xvtJCpxwu
xWoHQE0Pa
xX9qkTRB6
XXFx4aHBe
Xy5VwRDeW
y
Y1FGewBQl
y1I4FuYzq
y1JYDNVO6
Y3DeRzCnU
y3iIcZ7Ho
Y5SJCY1vC
Y7hqoV1sp
Y9IqftAs2
Yahoo! activeX Plug-in Bridge
Yahoo Application State Plugin
YBB4RqRY2
YcglinW15
yDMFULCua
YE5ZEac6E
yfQvcDVUe
yFU3RkUIs
yfZcHvItB
yHOaNnc5b
yHSxzAACC
YIK7nBZTB
yJUuzIxy2
yKTG7Yc5r
'Y':'N'
'Y':'N'~$dURL~^jc_i~s.ismac~lugins~
ynN86XgOG
yQgcoWAZs
YrDe3jt0f
YROdJ1W9D
YShLE4TYF
YTyVsEXqA
yU4nVVL5T
yu88cdumv
YUnOsys1k
yVlQiXVKD
yWGOvwMVc
yxiOJFMGx
YZHt0Gsue
YZVs16C61
z
Z3I6AnYFR
z4OJO1AN8
Z6A3Jy6dI
z9BV1W0ui
z9i5SF9Pk
Z9RZn73Ut
zbT8JeKMV
zCrUMOffC
zfDairxTv
ZfIzbzLjU
Zh1I6WSRs
ZHXnMdxBw
zipcode
zipCode
zipCode1
ZLFBBamSD
zlv6fXslA
zLXEX70GD
ZmqcE9C0H
zONxgpH9u
zoom
ZOZM7h9zk
zQ5v8idlx
ZqIobeDEn
ZtIx5eIac
ZtP2Idjbn
zTTxeh3D0
zuhfcQvd4
zuqkCw9Hd
zuUgX6s9o
zvciiV3RL
zWjyqCLok
zY2whbDDf
ZY6Znm6Lp
ZZZ
