://
_
0:this.cssPosition
account_id
aliId
amp
amp;utm_campaign
amp;utm_content
amp;utm_source
a.offsetWidth:a.offsetHeight,e
asset_name
authuser
bcode
bf±×¶^ùÕéþb[äQ.TpLGEØ»DØË
c
callback
campaign_code
cmp
code
coupon_code
cr
current_tab
data
display_login
display_signup
domain
://edit.local/
e.ghost:
external_cache_key
external_file_name
eyJjaGFubmVsIjoic2l0ZTIiLCJzdWJkb21haW5faWQiOjEzODQ3NiwieiI6IlBhY2lmaWMgVGltZSAoVVMgXHUwMDI2IENhbmFkYSkifQ==
eyJjaGFubmVsIjoic2l0ZTIiLCJzdWJkb21haW5faWQiOjEzODQ3NiwieiI6IlBhY2lmaWMgVGltZSAoVVMgXHUwMDI2IENhbmFkYSkiLCJmb3J1bV9pZCI6MTY0ODg4fQ==
eyJjaGFubmVsIjoic2l0ZTIiLCJzdWJkb21haW5faWQiOjEzODQ3NiwieiI6IlBhY2lmaWMgVGltZSAoVVMgXHUwMDI2IENhbmFkYSkiLCJmYXFfaWQiOjEwMTU3NH0=
fbclid
filter
form
format
from_logout
_ga
_gac
gclid
gh_jid
gh_src
gubun
guid
host
id
iframe
imm_mid
in_person
is_external_download
is_from_ga_setup
is_timeout
j/100:1,x:d!
kw
lang
locale
matchtype
munchkinId
name
no
on_login_redirect_url
://.*?.?optimizelyedit.appspot.com/
optIn
override_create_type_code
p
page
period
per_page
pitchprocess
://preview.optimizely.com/
prompt
query
r
recover[email_address]
redirect_url
ref
ref/u003d53ec07aa
return_to
rsd
s
scope
_session_id
showContactUs
s_id
sig_guid
sort_by
source
state
 state.current().root : ""}}
su
subscribe_to_grandchildren
super_group_guid
ticket_form_id
tsm_group_guid
type
type_code
u
url
utc_campaign
utm_campaign
utm_channel
utm_content
utm_daterun6.28.18
utm_daterun6.28.18_14th
utm_medium
ut  m_source
ut m_source
utm_sou  rce
utm_sou rce
utm_source
utm_term
ux_version
v
ver
zwi
